../Drivers/CMSIS/Include/core_cm7.h:2229:22:SCB_EnableICache	4	static,ignoring_inline_asm
../Drivers/CMSIS/Include/core_cm7.h:2281:22:SCB_EnableDCache	24	static,ignoring_inline_asm
../Core/Src/main.c:93:5:main	8	static
../Core/Src/main.c:182:6:SystemClock_Config	232	static
../Core/Src/main.c:242:5:average_16	16	static
../Core/Src/main.c:254:10:CRC16_2	24	static
../Core/Src/main.c:271:6:display1	64	static
../Core/Src/main.c:366:6:display2	16	static
../Core/Src/main.c:393:6:Error_Handler	4	static
